
--- LOG at 2025-10-31T09:56:01.639837 ---
STDOUT:

--- Optimize: Model=RF | Steps=impute->encode->normalize->features->rebalance ---

STDERR:
/home/hit_lt/Dppga/lib/python3.8/site-packages/optuna/_experimental.py:31: ExperimentalWarning: Argument ``multivariate`` is an experimental feature. The interface can change in the future.
  warnings.warn(
/home/hit_lt/Dppga/lib/python3.8/site-packages/optuna/_experimental.py:31: ExperimentalWarning: Argument ``group`` is an experimental feature. The interface can change in the future.
  warnings.warn(
Optimizing Pipeline:   0%|          | 0/3 [00:00<?, ?it/s]/home/hit_lt/Dppga/lib/python3.8/site-packages/sklearn/feature_selection/_univariate_selection.py:113: RuntimeWarning: invalid value encountered in divide
  f = msb / msw
/home/hit_lt/Dppga/lib/python3.8/site-packages/sklearn/feature_selection/_univariate_selection.py:113: RuntimeWarning: invalid value encountered in divide
  f = msb / msw
/home/hit_lt/Dppga/lib/python3.8/site-packages/sklearn/feature_selection/_univariate_selection.py:113: RuntimeWarning: invalid value encountered in divide
  f = msb / msw
Optimizing Pipeline:  33%|###3      | 1/3 [00:03<00:07,  3.66s/it]Optimizing Pipeline:  33%|###3      | 1/3 [00:03<00:07,  3.66s/it, Best Acc=0.3209]Optimizing Pipeline:  67%|######6   | 2/3 [00:06<00:03,  3.35s/it, Best Acc=0.3209]Optimizing Pipeline:  67%|######6   | 2/3 [00:06<00:03,  3.35s/it, Best Acc=0.4775]/home/hit_lt/Dppga/lib/python3.8/site-packages/numpy/core/_methods.py:239: RuntimeWarning: overflow encountered in multiply
  x = um.multiply(x, x, out=x)
/home/hit_lt/Dppga/lib/python3.8/site-packages/numpy/core/_methods.py:250: RuntimeWarning: overflow encountered in reduce
  ret = umr_sum(x, axis, dtype, out, keepdims=keepdims, where=where)
/home/hit_lt/Dppga/lib/python3.8/site-packages/sklearn/feature_selection/_univariate_selection.py:113: RuntimeWarning: invalid value encountered in divide
  f = msb / msw
/home/hit_lt/Dppga/lib/python3.8/site-packages/numpy/core/_methods.py:239: RuntimeWarning: overflow encountered in multiply
  x = um.multiply(x, x, out=x)
/home/hit_lt/Dppga/lib/python3.8/site-packages/sklearn/feature_selection/_univariate_selection.py:113: RuntimeWarning: invalid value encountered in divide
  f = msb / msw
/home/hit_lt/Dppga/lib/python3.8/site-packages/numpy/core/_methods.py:239: RuntimeWarning: overflow encountered in multiply
  x = um.multiply(x, x, out=x)
/home/hit_lt/Dppga/lib/python3.8/site-packages/sklearn/feature_selection/_univariate_selection.py:113: RuntimeWarning: invalid value encountered in divide
  f = msb / msw
Optimizing Pipeline: 100%|##########| 3/3 [00:07<00:00,  2.16s/it, Best Acc=0.4775]Optimizing Pipeline: 100%|##########| 3/3 [00:07<00:00,  2.16s/it, Best Acc=0.4775]Optimizing Pipeline: 100%|##########| 3/3 [00:07<00:00,  2.51s/it, Best Acc=0.4775]

