
--- LOG at 2025-11-19T04:19:34.537556 ---
STDOUT:

--- Optimize: Model=SVM | Steps=impute->encode->discretize->features->normalize->rebalance ---

⚠️ Trial 0 failed inside subprocess: Input X contains NaN.
Binarizer does not accept missing values encoded as NaN natively. For supervised learning, you might want to consider sklearn.ensemble.HistGradientBoostingClassifier and Regressor which accept missing values encoded as NaNs natively. Alternatively, it is possible to preprocess the data, for instance by using an imputer transformer in a pipeline or drop samples with missing values. See https://scikit-learn.org/stable/modules/impute.html You can find a list of all estimators that handle NaN values at the following page: https://scikit-learn.org/stable/modules/impute.html#estimators-that-handle-nan-values

⚠️ Trial 2 failed inside subprocess: Found array with 0 sample(s) (shape=(0, 44)) while a minimum of 1 is required by BayesianRidge.

⚠️ Trial 3 failed inside subprocess: Input X contains NaN.
Binarizer does not accept missing values encoded as NaN natively. For supervised learning, you might want to consider sklearn.ensemble.HistGradientBoostingClassifier and Regressor which accept missing values encoded as NaNs natively. Alternatively, it is possible to preprocess the data, for instance by using an imputer transformer in a pipeline or drop samples with missing values. See https://scikit-learn.org/stable/modules/impute.html You can find a list of all estimators that handle NaN values at the following page: https://scikit-learn.org/stable/modules/impute.html#estimators-that-handle-nan-values

⚠️ Trial 4 failed inside subprocess: Input X contains NaN.
SelectKBest does not accept missing values encoded as NaN natively. For supervised learning, you might want to consider sklearn.ensemble.HistGradientBoostingClassifier and Regressor which accept missing values encoded as NaNs natively. Alternatively, it is possible to preprocess the data, for instance by using an imputer transformer in a pipeline or drop samples with missing values. See https://scikit-learn.org/stable/modules/impute.html You can find a list of all estimators that handle NaN values at the following page: https://scikit-learn.org/stable/modules/impute.html#estimators-that-handle-nan-values

⚠️ Trial 6 failed inside subprocess: Input X contains NaN.
Binarizer does not accept missing values encoded as NaN natively. For supervised learning, you might want to consider sklearn.ensemble.HistGradientBoostingClassifier and Regressor which accept missing values encoded as NaNs natively. Alternatively, it is possible to preprocess the data, for instance by using an imputer transformer in a pipeline or drop samples with missing values. See https://scikit-learn.org/stable/modules/impute.html You can find a list of all estimators that handle NaN values at the following page: https://scikit-learn.org/stable/modules/impute.html#estimators-that-handle-nan-values

⚠️ Trial 7 failed inside subprocess: Input X contains NaN.
KBinsDiscretizer does not accept missing values encoded as NaN natively. For supervised learning, you might want to consider sklearn.ensemble.HistGradientBoostingClassifier and Regressor which accept missing values encoded as NaNs natively. Alternatively, it is possible to preprocess the data, for instance by using an imputer transformer in a pipeline or drop samples with missing values. See https://scikit-learn.org/stable/modules/impute.html You can find a list of all estimators that handle NaN values at the following page: https://scikit-learn.org/stable/modules/impute.html#estimators-that-handle-nan-values

⚠️ Trial 9 failed inside subprocess: Found array with 0 sample(s) (shape=(0, 44)) while a minimum of 1 is required by BayesianRidge.

STDERR:
/home/hitlt24/.local/lib/python3.8/site-packages/optuna/_experimental.py:31: ExperimentalWarning: Argument ``multivariate`` is an experimental feature. The interface can change in the future.
  warnings.warn(
/home/hitlt24/.local/lib/python3.8/site-packages/optuna/_experimental.py:31: ExperimentalWarning: Argument ``group`` is an experimental feature. The interface can change in the future.
  warnings.warn(
Optimizing Pipeline:   0%|          | 0/10 [00:00<?, ?it/s]Optimizing Pipeline:  10%|#         | 1/10 [00:00<00:00, 29.33it/s, Best Acc=0.0000]Optimizing Pipeline:  20%|##        | 2/10 [00:20<01:22, 10.34s/it, Best Acc=0.0000]Optimizing Pipeline:  20%|##        | 2/10 [00:20<01:22, 10.34s/it, Best Acc=0.3210]Optimizing Pipeline:  30%|###       | 3/10 [00:21<00:44,  6.37s/it, Best Acc=0.3210]Optimizing Pipeline:  30%|###       | 3/10 [00:21<00:44,  6.37s/it, Best Acc=0.3210]Optimizing Pipeline:  40%|####      | 4/10 [00:21<00:38,  6.37s/it, Best Acc=0.3210]Optimizing Pipeline:  50%|#####     | 5/10 [00:21<00:31,  6.37s/it, Best Acc=0.3210]Optimizing Pipeline:  60%|######    | 6/10 [00:22<00:10,  2.58s/it, Best Acc=0.3210]Optimizing Pipeline:  60%|######    | 6/10 [00:22<00:10,  2.58s/it, Best Acc=0.6351]Optimizing Pipeline:  70%|#######   | 7/10 [00:22<00:07,  2.58s/it, Best Acc=0.6351]Optimizing Pipeline:  80%|########  | 8/10 [00:22<00:05,  2.58s/it, Best Acc=0.6351]Optimizing Pipeline:  90%|######### | 9/10 [00:34<00:03,  3.16s/it, Best Acc=0.6351]Optimizing Pipeline:  90%|######### | 9/10 [00:34<00:03,  3.16s/it, Best Acc=0.6351]Optimizing Pipeline: 100%|##########| 10/10 [00:34<00:00,  3.16s/it, Best Acc=0.6351]Optimizing Pipeline: 100%|##########| 10/10 [00:34<00:00,  3.43s/it, Best Acc=0.6351]

