
--- LOG at 2025-11-19T06:50:06.864453 ---
STDOUT:

--- Optimize: Model=GBDT | Steps=impute->encode->discretize->features->normalize->rebalance ---

⚠️ Trial 0 failed inside subprocess: Input X contains NaN.
SelectKBest does not accept missing values encoded as NaN natively. For supervised learning, you might want to consider sklearn.ensemble.HistGradientBoostingClassifier and Regressor which accept missing values encoded as NaNs natively. Alternatively, it is possible to preprocess the data, for instance by using an imputer transformer in a pipeline or drop samples with missing values. See https://scikit-learn.org/stable/modules/impute.html You can find a list of all estimators that handle NaN values at the following page: https://scikit-learn.org/stable/modules/impute.html#estimators-that-handle-nan-values

⚠️ Trial 1 failed inside subprocess: Input X contains NaN.
KBinsDiscretizer does not accept missing values encoded as NaN natively. For supervised learning, you might want to consider sklearn.ensemble.HistGradientBoostingClassifier and Regressor which accept missing values encoded as NaNs natively. Alternatively, it is possible to preprocess the data, for instance by using an imputer transformer in a pipeline or drop samples with missing values. See https://scikit-learn.org/stable/modules/impute.html You can find a list of all estimators that handle NaN values at the following page: https://scikit-learn.org/stable/modules/impute.html#estimators-that-handle-nan-values

⚠️ Trial 3 failed inside subprocess: Input X contains NaN.
Binarizer does not accept missing values encoded as NaN natively. For supervised learning, you might want to consider sklearn.ensemble.HistGradientBoostingClassifier and Regressor which accept missing values encoded as NaNs natively. Alternatively, it is possible to preprocess the data, for instance by using an imputer transformer in a pipeline or drop samples with missing values. See https://scikit-learn.org/stable/modules/impute.html You can find a list of all estimators that handle NaN values at the following page: https://scikit-learn.org/stable/modules/impute.html#estimators-that-handle-nan-values

⚠️ Trial 4 failed inside subprocess: Input X contains NaN.
KBinsDiscretizer does not accept missing values encoded as NaN natively. For supervised learning, you might want to consider sklearn.ensemble.HistGradientBoostingClassifier and Regressor which accept missing values encoded as NaNs natively. Alternatively, it is possible to preprocess the data, for instance by using an imputer transformer in a pipeline or drop samples with missing values. See https://scikit-learn.org/stable/modules/impute.html You can find a list of all estimators that handle NaN values at the following page: https://scikit-learn.org/stable/modules/impute.html#estimators-that-handle-nan-values

⚠️ Trial 5 failed inside subprocess: A sparse matrix was passed, but dense data is required. Use X.toarray() to convert to a dense numpy array.

⏱️ Trial 7 timed out after 30 seconds and was terminated.

⏱️ Trial 9 timed out after 30 seconds and was terminated.

STDERR:
/home/hitlt24/.local/lib/python3.8/site-packages/optuna/_experimental.py:31: ExperimentalWarning: Argument ``multivariate`` is an experimental feature. The interface can change in the future.
  warnings.warn(
/home/hitlt24/.local/lib/python3.8/site-packages/optuna/_experimental.py:31: ExperimentalWarning: Argument ``group`` is an experimental feature. The interface can change in the future.
  warnings.warn(
Optimizing Pipeline:   0%|          | 0/10 [00:00<?, ?it/s]Optimizing Pipeline:  10%|#         | 1/10 [00:00<00:00, 32.63it/s, Best Acc=0.0000]Optimizing Pipeline:  20%|##        | 2/10 [00:00<00:00, 30.83it/s, Best Acc=0.0000]Optimizing Pipeline:  30%|###       | 3/10 [00:19<00:45,  6.55s/it, Best Acc=0.0000]Optimizing Pipeline:  30%|###       | 3/10 [00:19<00:45,  6.55s/it, Best Acc=0.7208]Optimizing Pipeline:  40%|####      | 4/10 [00:19<00:39,  6.55s/it, Best Acc=0.7208]Optimizing Pipeline:  50%|#####     | 5/10 [00:19<00:32,  6.55s/it, Best Acc=0.7208]Optimizing Pipeline:  60%|######    | 6/10 [00:25<00:15,  3.76s/it, Best Acc=0.7208]Optimizing Pipeline:  60%|######    | 6/10 [00:25<00:15,  3.76s/it, Best Acc=0.7208]Optimizing Pipeline:  70%|#######   | 7/10 [00:53<00:27,  9.13s/it, Best Acc=0.7208]Optimizing Pipeline:  70%|#######   | 7/10 [00:53<00:27,  9.13s/it, Best Acc=0.7208]Optimizing Pipeline:  80%|########  | 8/10 [01:23<00:28, 14.12s/it, Best Acc=0.7208]Optimizing Pipeline:  80%|########  | 8/10 [01:23<00:28, 14.12s/it, Best Acc=0.7208]Optimizing Pipeline:  90%|######### | 9/10 [01:24<00:10, 10.76s/it, Best Acc=0.7208]Optimizing Pipeline:  90%|######### | 9/10 [01:24<00:10, 10.76s/it, Best Acc=0.7208]Optimizing Pipeline: 100%|##########| 10/10 [01:54<00:00, 15.90s/it, Best Acc=0.7208]Optimizing Pipeline: 100%|##########| 10/10 [01:54<00:00, 15.90s/it, Best Acc=0.7208]Optimizing Pipeline: 100%|##########| 10/10 [01:54<00:00, 11.44s/it, Best Acc=0.7208]

